<area shape="rect" id="node7" href="$class_halia_1_1_texture_stage.html" title="A class representing a single texture stage in a material." alt="" coords="211,291,347,319">
<area shape="rect" id="node9" href="$struct_halia_1_1_blend_mode.html" title="Defines a color or alpha blend&#45;mode for a texture&#45;stage." alt="" coords="81,181,204,209">
<area shape="rect" id="node11" href="$class_halia_1_1_texture.html" title="A class to represent a single texture, used by the render system during rendering..." alt="" coords="228,181,329,209">
<area shape="rect" id="node13" href="$class_halia_1_1_render_cached.html" title="A base&#45;class used to represent any object which will be cached by the render&#45;system..." alt="" coords="131,99,275,127">
<area shape="rect" id="node15" href="$class_halia_1_1_render_cache.html" title="An base&#45;class used to represent arbitrary render&#45;system specific implementations..." alt="" coords="135,6,271,34">
<area shape="rect" id="node17" href="$class_halia_1_1_smart_ptr.html" title="A base&#45;class for built&#45;in handling of reference counting." alt="" coords="299,99,408,127">
